Error type B at Line 13: missing RC
Error type B at Line 13: missing RC
Error type B at Line 13: unrecoverable syntax error
